// Jest Snapshot v1, https://goo.gl/fbAQLP

exports[`renders stars unchanged 1`] = `
<div>
  <div
    data-testid="starsComponent"
  >
    <a
      data-testid="button-1"
    >
      <span
        class="text-yellow-600"
      >
        ★
      </span>
    </a>
    <a
      data-testid="button-2"
    >
      <span
        class="text-yellow-600"
      >
        ★
      </span>
    </a>
    <a
      data-testid="button-3"
    >
      <span
        class="text-yellow-600"
      >
        ★
      </span>
    </a>
    <a
      data-testid="button-4"
    >
      <span>
        ☆
      </span>
    </a>
    <a
      data-testid="button-5"
    >
      <span>
        ☆
      </span>
    </a>
  </div>
</div>
`;
