// Jest Snapshot v1, https://goo.gl/fbAQLP

exports[`renders homepage unchanged 1`] = `
<div>
  <div
    data-testid="starsComponent"
  >
    <a
      data-testid="button-1"
    >
      0
    </a>
    <a
      data-testid="button-2"
    >
      0
    </a>
    <a
      data-testid="button-3"
    >
      1
    </a>
    <a
      data-testid="button-4"
    >
      0
    </a>
    <a
      data-testid="button-5"
    >
      0
    </a>
  </div>
</div>
`;
